............F-...............F..

Failures:

1) Scenario: Verify create plant with valid data # src\test\features\api\Admin\plant.feature:27
   ΓêÜ Before # file:\C:\Users\dinuk\Desktop\My%20Docs\Projects\ITFac_Batch21_Group51\src\test\context\context.js:4
   ΓêÜ Given Admin logged-in with username "admin" and password "admin123" # file:\C:\Users\dinuk\Desktop\My%20Docs\Projects\ITFac_Batch21_Group51\src\test\steps\api\loginSteps.js:8
   ΓêÜ And Admin sets the endpoint "/api/plants/category/5" # file:\C:\Users\dinuk\Desktop\My%20Docs\Projects\ITFac_Batch21_Group51\src\test\steps\api\Admin\plantSteps.js:6
   ΓêÜ When Admin sends POST request with payload # file:\C:\Users\dinuk\Desktop\My%20Docs\Projects\ITFac_Batch21_Group51\src\test\steps\api\Admin\plantSteps.js:11
       """
       {
         "name": "Rose",
         "price": 100,
         "quantity": 20
       }
       """
   ├ù Then Response status code should be 201 # file:\C:\Users\dinuk\Desktop\My%20Docs\Projects\ITFac_Batch21_Group51\src\test\steps\api\loginSteps.js:26
       Error: expect(received).toBe(expected) // Object.is equality

       Expected: 201
       Received: 400
           at Proxy.<anonymous> (C:\Users\dinuk\Desktop\My Docs\Projects\ITFac_Batch21_Group51\node_modules\playwright\lib\matchers\expect.js:213:24)
           at World.<anonymous> (file:///C:/Users/dinuk/Desktop/My%20Docs/Projects/ITFac_Batch21_Group51/src/test/steps/api/loginSteps.js:27:36)
   - And Response body should match JSON structure # file:\C:\Users\dinuk\Desktop\My%20Docs\Projects\ITFac_Batch21_Group51\src\test\steps\api\loginSteps.js:30
       """
       {
         "id": 50,
         "name": "Rose",
         "price": 100,
         "quantity": 20,
         "category": {
           "id": 5,
           "name": "FFF",
           "subCategories": []
         }
       }
       """
   ΓêÜ After # file:\C:\Users\dinuk\Desktop\My%20Docs\Projects\ITFac_Batch21_Group51\src\test\context\context.js:12
   ΓêÜ After # file:\C:\Users\dinuk\Desktop\My%20Docs\Projects\ITFac_Batch21_Group51\src\test\hooks\hooks.js:3

2) Scenario: Verify create plant with negative price # src\test\features\api\Admin\plant.feature:76
   ΓêÜ Before # file:\C:\Users\dinuk\Desktop\My%20Docs\Projects\ITFac_Batch21_Group51\src\test\context\context.js:4
   ΓêÜ Given Admin logged-in with username "admin" and password "admin123" # file:\C:\Users\dinuk\Desktop\My%20Docs\Projects\ITFac_Batch21_Group51\src\test\steps\api\loginSteps.js:8
   ΓêÜ And Admin sets the endpoint "/api/plants/category/1" # file:\C:\Users\dinuk\Desktop\My%20Docs\Projects\ITFac_Batch21_Group51\src\test\steps\api\Admin\plantSteps.js:6
   ΓêÜ When Admin sends POST request with payload # file:\C:\Users\dinuk\Desktop\My%20Docs\Projects\ITFac_Batch21_Group51\src\test\steps\api\Admin\plantSteps.js:11
       """
       {
         "name": "Rose",
         "price": -100,
         "quantity": 25
       }
       """
   ΓêÜ Then Response status code should be 400 # file:\C:\Users\dinuk\Desktop\My%20Docs\Projects\ITFac_Batch21_Group51\src\test\steps\api\loginSteps.js:26
   ├ù And Response body should match JSON structure # file:\C:\Users\dinuk\Desktop\My%20Docs\Projects\ITFac_Batch21_Group51\src\test\steps\api\loginSteps.js:30
       """
       {
         "details": {
           "quantity": "Quantity cannot be negative"
         },
         "error": "BAD_REQUEST",
         "message": "Validation failed",
         "status": 400,
         "timestamp": "2026-02-04T11:10:02.9029542"
       }
       """
       Error: expect(received).toHaveProperty(path)

       Expected path: "quantity"
       Received path: []

       Received value: {"price": "Price must be greater than 0"}
           at Proxy.<anonymous> (C:\Users\dinuk\Desktop\My Docs\Projects\ITFac_Batch21_Group51\node_modules\playwright\lib\matchers\expect.js:213:24)
           at validateJsonStructure (file:///C:/Users/dinuk/Desktop/My%20Docs/Projects/ITFac_Batch21_Group51/src/test/utils/apiValidation.js:8:83)
           at validateJsonStructure (file:///C:/Users/dinuk/Desktop/My%20Docs/Projects/ITFac_Batch21_Group51/src/test/utils/apiValidation.js:54:13)
           at World.<anonymous> (file:///C:/Users/dinuk/Desktop/My%20Docs/Projects/ITFac_Batch21_Group51/src/test/steps/api/loginSteps.js:32:5)
   ΓêÜ After # file:\C:\Users\dinuk\Desktop\My%20Docs\Projects\ITFac_Batch21_Group51\src\test\context\context.js:12
   ΓêÜ After # file:\C:\Users\dinuk\Desktop\My%20Docs\Projects\ITFac_Batch21_Group51\src\test\hooks\hooks.js:3

4 scenarios (2 failed, 2 passed)
20 steps (2 failed, 1 skipped, 17 passed)
0m00.388s (executing steps: 0m00.370s)
